// Jest Snapshot v1, https://goo.gl/fbAQLP

exports[`ErrorMessage component should render error message 1`] = `
<h2
  className="error-header"
>
  Ops...Something went wrong. Please try again later
</h2>
`;
