// Jest Snapshot v1, https://goo.gl/fbAQLP

exports[`App component should render app 1`] = `
<div
  className="app-container"
>
  <AppRouter />
</div>
`;
